// Jest Snapshot v1, https://goo.gl/fbAQLP

exports[`Express module should export 1`] = `
Object {
  "NimbusApp": "function",
  "isMobile": "function",
  "isWeb": "function",
}
`;
